This is XeTeX, Version 3.14159265-2.6-0.999991 (TeX Live 2019/W32TeX) (preloaded format=xelatex 2019.7.15)  17 JUL 2019 17:25
entering extended mode
 restricted \write18 enabled.
 %&-line parsing enabled.
**test.tex
(./test.tex
LaTeX2e <2018-12-01>

! LaTeX Error: Missing \begin{document}.

See the LaTeX manual or LaTeX Companion for explanation.
Type  H <return>  for immediate help.
 ...                                              
                                                  
l.1 \begin{enumerate}
                     [(1)]
You're in trouble here.  Try typing  <return>  to proceed.
If that doesn't work, type  X <return>  to quit.


Overfull \hbox (20.0pt too wide) in paragraph at lines 1--1
[] 
 []


! LaTeX Error: Missing \begin{document}.

See the LaTeX manual or LaTeX Companion for explanation.
Type  H <return>  for immediate help.
 ...                                              
                                                  
l.1 \begin{enumerate}[
                      (1)]
You're in trouble here.  Try typing  <return>  to proceed.
If that doesn't work, type  X <return>  to quit.

Missing character: There is no [ in font nullfont!
Missing character: There is no ( in font nullfont!
Missing character: There is no 1 in font nullfont!
Missing character: There is no ) in font nullfont!
Missing character: There is no ] in font nullfont!

! LaTeX Error: Something's wrong--perhaps a missing \item.

See the LaTeX manual or LaTeX Companion for explanation.
Type  H <return>  for immediate help.
 ...                                              
                                                  
l.3 ^^I\item 发
              1错判为0的概率$P(0|1)$
Try typing  <return>  to proceed.
If that doesn't work, type  X <return>  to quit.


! LaTeX Error: Something's wrong--perhaps a missing \item.

See the LaTeX manual or LaTeX Companion for explanation.
Type  H <return>  for immediate help.
 ...                                              
                                                  
l.3 ^^I\item 发
              1错判为0的概率$P(0|1)$
Try typing  <return>  to proceed.
If that doesn't work, type  X <return>  to quit.


! LaTeX Error: Something's wrong--perhaps a missing \item.

See the LaTeX manual or LaTeX Companion for explanation.
Type  H <return>  for immediate help.
 ...                                              
                                                  
l.3 ^^I\item 发
              1错判为0的概率$P(0|1)$
Try typing  <return>  to proceed.
If that doesn't work, type  X <return>  to quit.

Missing character: There is no 发 in font nullfont!
Missing character: There is no 1 in font nullfont!
Missing character: There is no 错 in font nullfont!
Missing character: There is no 判 in font nullfont!
Missing character: There is no 为 in font nullfont!
Missing character: There is no 0 in font nullfont!
Missing character: There is no 的 in font nullfont!
Missing character: There is no 概 in font nullfont!
Missing character: There is no 率 in font nullfont!
LaTeX Font Info:    External font `cmex10' loaded for size
(Font)              <7> on input line 3.
LaTeX Font Info:    External font `cmex10' loaded for size
(Font)              <5> on input line 3.

Overfull \hbox (28.36465pt too wide) in paragraph at lines 1--4
[]$\OML/cmm/m/it/10 P\OT1/cmr/m/n/10 (0\OMS/cmsy/m/n/10 j\OT1/cmr/m/n/10 1)$ 
 []


! LaTeX Error: Environment aligned undefined.

See the LaTeX manual or LaTeX Companion for explanation.
Type  H <return>  for immediate help.
 ...                                              
                                                  
l.5 ^^I\begin{aligned}
                      
Your command was ignored.
Type  I <command> <return>  to replace it with another command,
or  <return>  to continue without it.

! Misplaced alignment tab character &.
l.6 ^^IP(\mathbf{0} | \mathbf{1})&
                                  =P\left(x<V_{d}\right)=\int_{-\infty}^{V_{...
I can't figure out why you would want to use a tab mark
here. If you just want an ampersand, the remedy is
simple: Just type `I\&' now. But if some right brace
up above has ended a previous alignment prematurely,
you're probably due for more error messages, and you
might try typing `S' now just to see what is salvageable.

! Misplaced alignment tab character &.
<recently read> &
                 
l.7 ^^I&
         = \frac{1}{2}+\frac{1}{2} \operatorname{erf}\left[\frac{V_{d}-a}{\s...
I can't figure out why you would want to use a tab mark
here. If you just want an ampersand, the remedy is
simple: Just type `I\&' now. But if some right brace
up above has ended a previous alignment prematurely,
you're probably due for more error messages, and you
might try typing `S' now just to see what is salvageable.

! Undefined control sequence.
l.7 ^^I& = \frac{1}{2}+\frac{1}{2} \operatorname
                                                {erf}\left[\frac{V_{d}-a}{\s...
The control sequence at the end of the top line
of your error message was never \def'ed. If you have
misspelled it (e.g., `\hobx'), type `I' and the correct
spelling (e.g., `I\hbox'). Otherwise just continue,
and I'll forget about whatever was undefined.


! LaTeX Error: \begin{equation} on input line 4 ended by \end{aligned}.

See the LaTeX manual or LaTeX Companion for explanation.
Type  H <return>  for immediate help.
 ...                                              
                                                  
l.8 ^^I\end{aligned}
                    
Your command was ignored.
Type  I <command> <return>  to replace it with another command,
or  <return>  to continue without it.


Overfull \hbox (409.02092pt too wide) detected at line 9
\OML/cmm/m/it/10 P\OT1/cmr/m/n/10 (\OT1/cmr/bx/n/10 0\OMS/cmsy/m/n/10 j\OT1/cmr
/bx/n/10 1\OT1/cmr/m/n/10 ) = \OML/cmm/m/it/10 P [] \OT1/cmr/m/n/10 = [][] \OML
/cmm/m/it/10 f[]\OT1/cmr/m/n/10 (\OML/cmm/m/it/10 x\OT1/cmr/m/n/10 )\OML/cmm/m/
it/10 dx \OT1/cmr/m/n/10 = [][] [] [] [] d\OML/cmm/m/it/10 x[]  \OT1/cmr/m/n/10
 = [] + [][] []
 []


! LaTeX Error: Something's wrong--perhaps a missing \item.

See the LaTeX manual or LaTeX Companion for explanation.
Type  H <return>  for immediate help.
 ...                                              
                                                  
l.11 ^^I\item 发
               0错判为1的概率$P(1|0)$
Try typing  <return>  to proceed.
If that doesn't work, type  X <return>  to quit.


! LaTeX Error: Something's wrong--perhaps a missing \item.

See the LaTeX manual or LaTeX Companion for explanation.
Type  H <return>  for immediate help.
 ...                                              
                                                  
l.11 ^^I\item 发
               0错判为1的概率$P(1|0)$
Try typing  <return>  to proceed.
If that doesn't work, type  X <return>  to quit.


! LaTeX Error: Something's wrong--perhaps a missing \item.

See the LaTeX manual or LaTeX Companion for explanation.
Type  H <return>  for immediate help.
 ...                                              
                                                  
l.11 ^^I\item 发
               0错判为1的概率$P(1|0)$
Try typing  <return>  to proceed.
If that doesn't work, type  X <return>  to quit.

Missing character: There is no 发 in font nullfont!
Missing character: There is no 0 in font nullfont!
Missing character: There is no 错 in font nullfont!
Missing character: There is no 判 in font nullfont!
Missing character: There is no 为 in font nullfont!
Missing character: There is no 1 in font nullfont!
Missing character: There is no 的 in font nullfont!
Missing character: There is no 概 in font nullfont!
Missing character: There is no 率 in font nullfont!

Overfull \hbox (28.36465pt too wide) in paragraph at lines 9--12
[]$\OML/cmm/m/it/10 P\OT1/cmr/m/n/10 (1\OMS/cmsy/m/n/10 j\OT1/cmr/m/n/10 0)$ 
 []


! LaTeX Error: Environment aligned undefined.

See the LaTeX manual or LaTeX Companion for explanation.
Type  H <return>  for immediate help.
 ...                                              
                                                  
l.13 ^^I\begin{aligned}
                       
Your command was ignored.
Type  I <command> <return>  to replace it with another command,
or  <return>  to continue without it.

! Misplaced alignment tab character &.
l.14 ^^IP(\mathbf{1} | \mathbf{0})&
                                   =P\left(x>V_{d}\right)=\int_{V_{d}}^{+\in...
I can't figure out why you would want to use a tab mark
here. If you just want an ampersand, the remedy is
simple: Just type `I\&' now. But if some right brace
up above has ended a previous alignment prematurely,
you're probably due for more error messages, and you
might try typing `S' now just to see what is salvageable.

! Misplaced alignment tab character &.
<recently read> &
                 
l.14 ...2 \sigma_{n}^{2}}\right] \mathrm{d} x \\ &
                                                  =\frac{1}{2}+\frac{1}{2} \...
I can't figure out why you would want to use a tab mark
here. If you just want an ampersand, the remedy is
simple: Just type `I\&' now. But if some right brace
up above has ended a previous alignment prematurely,
you're probably due for more error messages, and you
might try typing `S' now just to see what is salvageable.

! Undefined control sequence.
l.14 ...\\ &=\frac{1}{2}+\frac{1}{2} \operatorname
                                                  {erf}\left[\frac{V_{d}+a}{...
The control sequence at the end of the top line
of your error message was never \def'ed. If you have
misspelled it (e.g., `\hobx'), type `I' and the correct
spelling (e.g., `I\hbox'). Otherwise just continue,
and I'll forget about whatever was undefined.


! LaTeX Error: \begin{equation} on input line 12 ended by \end{aligned}.

See the LaTeX manual or LaTeX Companion for explanation.
Type  H <return>  for immediate help.
 ...                                              
                                                  
l.15 ^^I\end{aligned}
                     
Your command was ignored.
Type  I <command> <return>  to replace it with another command,
or  <return>  to continue without it.


Overfull \hbox (417.6876pt too wide) detected at line 16
\OML/cmm/m/it/10 P\OT1/cmr/m/n/10 (\OT1/cmr/bx/n/10 1\OMS/cmsy/m/n/10 j\OT1/cmr
/bx/n/10 0\OT1/cmr/m/n/10 ) = \OML/cmm/m/it/10 P [] \OT1/cmr/m/n/10 = [][] \OML
/cmm/m/it/10 f[]\OT1/cmr/m/n/10 (\OML/cmm/m/it/10 x\OT1/cmr/m/n/10 )\OML/cmm/m/
it/10 dx \OT1/cmr/m/n/10 = [][] [] [] [] d\OML/cmm/m/it/10 x[]  \OT1/cmr/m/n/10
 = [] + [][] []
 []


! LaTeX Error: Something's wrong--perhaps a missing \item.

See the LaTeX manual or LaTeX Companion for explanation.
Type  H <return>  for immediate help.
 ...                                              
                                                  
l.17 \end{enumerate}
                    
Try typing  <return>  to proceed.
If that doesn't work, type  X <return>  to quit.

)
! Emergency stop.
<*> test.tex
            
*** (job aborted, no legal \end found)

 
Here is how much of TeX's memory you used:
 19 strings out of 492922
 234 string characters out of 6136751
 66272 words of memory out of 5000000
 4163 multiletter control sequences out of 15000+600000
 4575 words of font info for 18 fonts, out of 8000000 for 9000
 1348 hyphenation exceptions out of 8191
 18i,3n,16p,333b,153s stack positions out of 5000i,500n,10000p,200000b,80000s
No pages of output.
